// Vitest Snapshot v1, https://vitest.dev/guide/snapshot.html

exports[`test Header > renders the header with buttons and empty history selector 1`] = `
{
  "asFragment": [Function],
  "baseElement": <body>
    <div>
      <style
        data-mantine-styles="classes"
      >
        @media (max-width: 35.99375em) {.mantine-visible-from-xs {display: none !important;}}@media (min-width: 36em) {.mantine-hidden-from-xs {display: none !important;}}@media (max-width: 47.99375em) {.mantine-visible-from-sm {display: none !important;}}@media (min-width: 48em) {.mantine-hidden-from-sm {display: none !important;}}@media (max-width: 61.99375em) {.mantine-visible-from-md {display: none !important;}}@media (min-width: 62em) {.mantine-hidden-from-md {display: none !important;}}@media (max-width: 74.99375em) {.mantine-visible-from-lg {display: none !important;}}@media (min-width: 75em) {.mantine-hidden-from-lg {display: none !important;}}@media (max-width: 87.99375em) {.mantine-visible-from-xl {display: none !important;}}@media (min-width: 88em) {.mantine-hidden-from-xl {display: none !important;}}
      </style>
      <div
        class="weather-header m_4081bf90 mantine-Group-root"
        style="--group-gap: 0rem; --group-align: center; --group-justify: space-between; --group-wrap: wrap;"
      >
        <button
          aria-controls=""
          aria-expanded="false"
          aria-haspopup="menu"
          class="mantine-focus-auto mantine-active m_77c9d27d mantine-Button-root m_87cf2631 mantine-UnstyledButton-root"
          data-variant="subtle"
          id=""
          style="--button-bg: transparent; --button-hover: var(--mantine-color-blue-light-hover); --button-color: var(--mantine-color-blue-light-color); --button-bd: calc(0.0625rem * var(--mantine-scale)) solid transparent; padding-inline: 0rem;"
          type="button"
        >
          <span
            class="m_80f1301b mantine-Button-inner"
          >
            <span
              class="m_811560b9 mantine-Button-label"
            >
              <svg
                fill="none"
                height="1em"
                stroke="currentColor"
                stroke-linecap="round"
                stroke-linejoin="round"
                stroke-width="2"
                viewBox="0 0 24 24"
                width="1em"
                xmlns="http://www.w3.org/2000/svg"
              >
                <path
                  d="M4 6l16 0"
                />
                <path
                  d="M4 12l16 0"
                />
                <path
                  d="M4 18l16 0"
                />
              </svg>
              <span
                class="m_515a97f8 mantine-VisuallyHidden-root"
              >
                Meny
              </span>
            </span>
          </span>
        </button>
        <div
          class=""
          style="padding-inline: calc(0.25rem * var(--mantine-scale));"
        >
          <div
            class="m_4451eb3a mantine-Center-root"
          >
            <p
              class="mantine-focus-auto _outlineHeader_597f95 m_b6d8b162 mantine-Text-root"
              xs="10"
            >
              <span
                class="mantine-focus-auto _outlineHeader_597f95 m_b6d8b162 mantine-Text-root"
                style="padding-inline: calc(0.25rem * var(--mantine-scale)); max-width: calc(13.75rem * var(--mantine-scale));"
              >
                Väderstation:
              </span>
              <button
                aria-controls=""
                aria-expanded="false"
                aria-haspopup="dialog"
                class="mantine-focus-auto mantine-active m_77c9d27d mantine-Button-root m_87cf2631 mantine-UnstyledButton-root"
                data-size="lg"
                data-variant="subtle"
                data-with-right-section="true"
                id=""
                justify="space-between"
                style="--button-justify: space-between; --button-height: var(--button-height-lg); --button-padding-x: var(--button-padding-x-lg); --button-fz: var(--mantine-font-size-lg); --button-bg: transparent; --button-hover: var(--mantine-color-blue-light-hover); --button-color: var(--mantine-color-blue-light-color); --button-bd: calc(0.0625rem * var(--mantine-scale)) solid transparent; vertical-align: baseline; padding-inline: calc(0.25rem * var(--mantine-scale)); max-width: calc(41.5rem * var(--mantine-scale));"
                type="button"
              >
                <span
                  class="m_80f1301b mantine-Button-inner"
                >
                  <span
                    class="m_811560b9 mantine-Button-label"
                  >
                    <span
                      class="mantine-focus-auto _outlineHeader_597f95 m_b6d8b162 mantine-Text-root"
                      data-line-clamp="true"
                      style="--text-line-clamp: 1; text-align: left; max-width: calc(41rem * var(--mantine-scale));"
                    >
                      Rotebro, Sollentuna, Sverige
                    </span>
                    <span
                      class="m_515a97f8 mantine-VisuallyHidden-root"
                    >
                      Historik
                    </span>
                  </span>
                  <span
                    class="m_a74036a mantine-Button-section"
                    data-position="right"
                  >
                    <span />
                  </span>
                </span>
              </button>
            </p>
          </div>
        </div>
        <button
          class="mantine-focus-auto mantine-active m_77c9d27d mantine-Button-root m_87cf2631 mantine-UnstyledButton-root"
          data-variant="subtle"
          style="--button-bg: transparent; --button-hover: var(--mantine-color-blue-light-hover); --button-color: var(--mantine-color-blue-light-color); --button-bd: calc(0.0625rem * var(--mantine-scale)) solid transparent; padding-inline: 0rem; color: crimson;"
          type="button"
        >
          <span
            class="m_80f1301b mantine-Button-inner"
          >
            <span
              class="m_811560b9 mantine-Button-label"
            >
              <svg
                fill="none"
                height="1em"
                stroke="currentColor"
                stroke-linecap="round"
                stroke-linejoin="round"
                stroke-width="2"
                viewBox="0 0 24 24"
                width="1em"
                xmlns="http://www.w3.org/2000/svg"
              >
                <path
                  d="M12 18.5l-3 -1.5l-6 3v-13l6 -3l6 3l6 -3v7.5"
                />
                <path
                  d="M9 4v13"
                />
                <path
                  d="M15 7v5.5"
                />
                <path
                  d="M21.121 20.121a3 3 0 1 0 -4.242 0c.418 .419 1.125 1.045 2.121 1.879c1.051 -.89 1.759 -1.516 2.121 -1.879z"
                />
                <path
                  d="M19 18v.01"
                />
              </svg>
              <span
                class="m_515a97f8 mantine-VisuallyHidden-root"
              >
                Öppna karta
              </span>
            </span>
          </span>
        </button>
      </div>
    </div>
    <div
      data-portal="true"
    >
      <div>
        <div
          class="m_9df02822 mantine-Modal-root"
          data-full-screen="true"
          style="--modal-y-offset: 5dvh; --mb-z-index: 200;"
        />
      </div>
    </div>
    <div
      data-portal="true"
    />
    <div
      data-portal="true"
    />
  </body>,
  "container": <div>
    <style
      data-mantine-styles="classes"
    >
      @media (max-width: 35.99375em) {.mantine-visible-from-xs {display: none !important;}}@media (min-width: 36em) {.mantine-hidden-from-xs {display: none !important;}}@media (max-width: 47.99375em) {.mantine-visible-from-sm {display: none !important;}}@media (min-width: 48em) {.mantine-hidden-from-sm {display: none !important;}}@media (max-width: 61.99375em) {.mantine-visible-from-md {display: none !important;}}@media (min-width: 62em) {.mantine-hidden-from-md {display: none !important;}}@media (max-width: 74.99375em) {.mantine-visible-from-lg {display: none !important;}}@media (min-width: 75em) {.mantine-hidden-from-lg {display: none !important;}}@media (max-width: 87.99375em) {.mantine-visible-from-xl {display: none !important;}}@media (min-width: 88em) {.mantine-hidden-from-xl {display: none !important;}}
    </style>
    <div
      class="weather-header m_4081bf90 mantine-Group-root"
      style="--group-gap: 0rem; --group-align: center; --group-justify: space-between; --group-wrap: wrap;"
    >
      <button
        aria-controls=""
        aria-expanded="false"
        aria-haspopup="menu"
        class="mantine-focus-auto mantine-active m_77c9d27d mantine-Button-root m_87cf2631 mantine-UnstyledButton-root"
        data-variant="subtle"
        id=""
        style="--button-bg: transparent; --button-hover: var(--mantine-color-blue-light-hover); --button-color: var(--mantine-color-blue-light-color); --button-bd: calc(0.0625rem * var(--mantine-scale)) solid transparent; padding-inline: 0rem;"
        type="button"
      >
        <span
          class="m_80f1301b mantine-Button-inner"
        >
          <span
            class="m_811560b9 mantine-Button-label"
          >
            <svg
              fill="none"
              height="1em"
              stroke="currentColor"
              stroke-linecap="round"
              stroke-linejoin="round"
              stroke-width="2"
              viewBox="0 0 24 24"
              width="1em"
              xmlns="http://www.w3.org/2000/svg"
            >
              <path
                d="M4 6l16 0"
              />
              <path
                d="M4 12l16 0"
              />
              <path
                d="M4 18l16 0"
              />
            </svg>
            <span
              class="m_515a97f8 mantine-VisuallyHidden-root"
            >
              Meny
            </span>
          </span>
        </span>
      </button>
      <div
        class=""
        style="padding-inline: calc(0.25rem * var(--mantine-scale));"
      >
        <div
          class="m_4451eb3a mantine-Center-root"
        >
          <p
            class="mantine-focus-auto _outlineHeader_597f95 m_b6d8b162 mantine-Text-root"
            xs="10"
          >
            <span
              class="mantine-focus-auto _outlineHeader_597f95 m_b6d8b162 mantine-Text-root"
              style="padding-inline: calc(0.25rem * var(--mantine-scale)); max-width: calc(13.75rem * var(--mantine-scale));"
            >
              Väderstation:
            </span>
            <button
              aria-controls=""
              aria-expanded="false"
              aria-haspopup="dialog"
              class="mantine-focus-auto mantine-active m_77c9d27d mantine-Button-root m_87cf2631 mantine-UnstyledButton-root"
              data-size="lg"
              data-variant="subtle"
              data-with-right-section="true"
              id=""
              justify="space-between"
              style="--button-justify: space-between; --button-height: var(--button-height-lg); --button-padding-x: var(--button-padding-x-lg); --button-fz: var(--mantine-font-size-lg); --button-bg: transparent; --button-hover: var(--mantine-color-blue-light-hover); --button-color: var(--mantine-color-blue-light-color); --button-bd: calc(0.0625rem * var(--mantine-scale)) solid transparent; vertical-align: baseline; padding-inline: calc(0.25rem * var(--mantine-scale)); max-width: calc(41.5rem * var(--mantine-scale));"
              type="button"
            >
              <span
                class="m_80f1301b mantine-Button-inner"
              >
                <span
                  class="m_811560b9 mantine-Button-label"
                >
                  <span
                    class="mantine-focus-auto _outlineHeader_597f95 m_b6d8b162 mantine-Text-root"
                    data-line-clamp="true"
                    style="--text-line-clamp: 1; text-align: left; max-width: calc(41rem * var(--mantine-scale));"
                  >
                    Rotebro, Sollentuna, Sverige
                  </span>
                  <span
                    class="m_515a97f8 mantine-VisuallyHidden-root"
                  >
                    Historik
                  </span>
                </span>
                <span
                  class="m_a74036a mantine-Button-section"
                  data-position="right"
                >
                  <span />
                </span>
              </span>
            </button>
          </p>
        </div>
      </div>
      <button
        class="mantine-focus-auto mantine-active m_77c9d27d mantine-Button-root m_87cf2631 mantine-UnstyledButton-root"
        data-variant="subtle"
        style="--button-bg: transparent; --button-hover: var(--mantine-color-blue-light-hover); --button-color: var(--mantine-color-blue-light-color); --button-bd: calc(0.0625rem * var(--mantine-scale)) solid transparent; padding-inline: 0rem; color: crimson;"
        type="button"
      >
        <span
          class="m_80f1301b mantine-Button-inner"
        >
          <span
            class="m_811560b9 mantine-Button-label"
          >
            <svg
              fill="none"
              height="1em"
              stroke="currentColor"
              stroke-linecap="round"
              stroke-linejoin="round"
              stroke-width="2"
              viewBox="0 0 24 24"
              width="1em"
              xmlns="http://www.w3.org/2000/svg"
            >
              <path
                d="M12 18.5l-3 -1.5l-6 3v-13l6 -3l6 3l6 -3v7.5"
              />
              <path
                d="M9 4v13"
              />
              <path
                d="M15 7v5.5"
              />
              <path
                d="M21.121 20.121a3 3 0 1 0 -4.242 0c.418 .419 1.125 1.045 2.121 1.879c1.051 -.89 1.759 -1.516 2.121 -1.879z"
              />
              <path
                d="M19 18v.01"
              />
            </svg>
            <span
              class="m_515a97f8 mantine-VisuallyHidden-root"
            >
              Öppna karta
            </span>
          </span>
        </span>
      </button>
    </div>
  </div>,
  "debug": [Function],
  "findAllByAltText": [Function],
  "findAllByDisplayValue": [Function],
  "findAllByLabelText": [Function],
  "findAllByPlaceholderText": [Function],
  "findAllByRole": [Function],
  "findAllByTestId": [Function],
  "findAllByText": [Function],
  "findAllByTitle": [Function],
  "findByAltText": [Function],
  "findByDisplayValue": [Function],
  "findByLabelText": [Function],
  "findByPlaceholderText": [Function],
  "findByRole": [Function],
  "findByTestId": [Function],
  "findByText": [Function],
  "findByTitle": [Function],
  "getAllByAltText": [Function],
  "getAllByDisplayValue": [Function],
  "getAllByLabelText": [Function],
  "getAllByPlaceholderText": [Function],
  "getAllByRole": [Function],
  "getAllByTestId": [Function],
  "getAllByText": [Function],
  "getAllByTitle": [Function],
  "getByAltText": [Function],
  "getByDisplayValue": [Function],
  "getByLabelText": [Function],
  "getByPlaceholderText": [Function],
  "getByRole": [Function],
  "getByTestId": [Function],
  "getByText": [Function],
  "getByTitle": [Function],
  "queryAllByAltText": [Function],
  "queryAllByDisplayValue": [Function],
  "queryAllByLabelText": [Function],
  "queryAllByPlaceholderText": [Function],
  "queryAllByRole": [Function],
  "queryAllByTestId": [Function],
  "queryAllByText": [Function],
  "queryAllByTitle": [Function],
  "queryByAltText": [Function],
  "queryByDisplayValue": [Function],
  "queryByLabelText": [Function],
  "queryByPlaceholderText": [Function],
  "queryByRole": [Function],
  "queryByTestId": [Function],
  "queryByText": [Function],
  "queryByTitle": [Function],
  "rerender": [Function],
  "unmount": [Function],
}
`;

exports[`test Header and history selection > renders the header with buttons and empty history selector 1`] = `
{
  "asFragment": [Function],
  "baseElement": <body>
    <div>
      <style
        data-mantine-styles="classes"
      >
        @media (max-width: 35.99375em) {.mantine-visible-from-xs {display: none !important;}}@media (min-width: 36em) {.mantine-hidden-from-xs {display: none !important;}}@media (max-width: 47.99375em) {.mantine-visible-from-sm {display: none !important;}}@media (min-width: 48em) {.mantine-hidden-from-sm {display: none !important;}}@media (max-width: 61.99375em) {.mantine-visible-from-md {display: none !important;}}@media (min-width: 62em) {.mantine-hidden-from-md {display: none !important;}}@media (max-width: 74.99375em) {.mantine-visible-from-lg {display: none !important;}}@media (min-width: 75em) {.mantine-hidden-from-lg {display: none !important;}}@media (max-width: 87.99375em) {.mantine-visible-from-xl {display: none !important;}}@media (min-width: 88em) {.mantine-hidden-from-xl {display: none !important;}}
      </style>
      <div
        class="weather-header m_4081bf90 mantine-Group-root"
        style="--group-gap: 0rem; --group-align: center; --group-justify: space-between; --group-wrap: wrap;"
      >
        <button
          aria-controls=""
          aria-expanded="false"
          aria-haspopup="menu"
          class="mantine-focus-auto mantine-active m_77c9d27d mantine-Button-root m_87cf2631 mantine-UnstyledButton-root"
          data-variant="subtle"
          id=""
          style="--button-bg: transparent; --button-hover: var(--mantine-color-blue-light-hover); --button-color: var(--mantine-color-blue-light-color); --button-bd: calc(0.0625rem * var(--mantine-scale)) solid transparent; padding-inline: 0rem;"
          type="button"
        >
          <span
            class="m_80f1301b mantine-Button-inner"
          >
            <span
              class="m_811560b9 mantine-Button-label"
            >
              <svg
                fill="none"
                height="1em"
                stroke="currentColor"
                stroke-linecap="round"
                stroke-linejoin="round"
                stroke-width="2"
                viewBox="0 0 24 24"
                width="1em"
                xmlns="http://www.w3.org/2000/svg"
              >
                <path
                  d="M4 6l16 0"
                />
                <path
                  d="M4 12l16 0"
                />
                <path
                  d="M4 18l16 0"
                />
              </svg>
              <span
                class="m_515a97f8 mantine-VisuallyHidden-root"
              >
                Meny
              </span>
            </span>
          </span>
        </button>
        <div
          class=""
          style="padding-inline: calc(0.25rem * var(--mantine-scale));"
        >
          <div
            class="m_4451eb3a mantine-Center-root"
          >
            <p
              class="mantine-focus-auto _outlineHeader_597f95 m_b6d8b162 mantine-Text-root"
              xs="10"
            >
              <span
                class="mantine-focus-auto _outlineHeader_597f95 m_b6d8b162 mantine-Text-root"
                style="padding-inline: calc(0.25rem * var(--mantine-scale)); max-width: calc(13.75rem * var(--mantine-scale));"
              >
                Väderstation:
              </span>
              <button
                aria-controls=""
                aria-expanded="false"
                aria-haspopup="dialog"
                class="mantine-focus-auto mantine-active m_77c9d27d mantine-Button-root m_87cf2631 mantine-UnstyledButton-root"
                data-size="lg"
                data-variant="subtle"
                data-with-right-section="true"
                id=""
                justify="space-between"
                style="--button-justify: space-between; --button-height: var(--button-height-lg); --button-padding-x: var(--button-padding-x-lg); --button-fz: var(--mantine-font-size-lg); --button-bg: transparent; --button-hover: var(--mantine-color-blue-light-hover); --button-color: var(--mantine-color-blue-light-color); --button-bd: calc(0.0625rem * var(--mantine-scale)) solid transparent; vertical-align: baseline; padding-inline: calc(0.25rem * var(--mantine-scale)); max-width: calc(41.5rem * var(--mantine-scale));"
                type="button"
              >
                <span
                  class="m_80f1301b mantine-Button-inner"
                >
                  <span
                    class="m_811560b9 mantine-Button-label"
                  >
                    <span
                      class="mantine-focus-auto _outlineHeader_597f95 m_b6d8b162 mantine-Text-root"
                      data-line-clamp="true"
                      style="--text-line-clamp: 1; text-align: left; max-width: calc(41rem * var(--mantine-scale));"
                    >
                      Rotebro, Sollentuna, Sverige
                    </span>
                    <span
                      class="m_515a97f8 mantine-VisuallyHidden-root"
                    >
                      Historik
                    </span>
                  </span>
                  <span
                    class="m_a74036a mantine-Button-section"
                    data-position="right"
                  >
                    <span />
                  </span>
                </span>
              </button>
            </p>
          </div>
        </div>
        <button
          class="mantine-focus-auto mantine-active m_77c9d27d mantine-Button-root m_87cf2631 mantine-UnstyledButton-root"
          data-variant="subtle"
          style="--button-bg: transparent; --button-hover: var(--mantine-color-blue-light-hover); --button-color: var(--mantine-color-blue-light-color); --button-bd: calc(0.0625rem * var(--mantine-scale)) solid transparent; padding-inline: 0rem; color: crimson;"
          type="button"
        >
          <span
            class="m_80f1301b mantine-Button-inner"
          >
            <span
              class="m_811560b9 mantine-Button-label"
            >
              <svg
                fill="none"
                height="1em"
                stroke="currentColor"
                stroke-linecap="round"
                stroke-linejoin="round"
                stroke-width="2"
                viewBox="0 0 24 24"
                width="1em"
                xmlns="http://www.w3.org/2000/svg"
              >
                <path
                  d="M12 18.5l-3 -1.5l-6 3v-13l6 -3l6 3l6 -3v7.5"
                />
                <path
                  d="M9 4v13"
                />
                <path
                  d="M15 7v5.5"
                />
                <path
                  d="M21.121 20.121a3 3 0 1 0 -4.242 0c.418 .419 1.125 1.045 2.121 1.879c1.051 -.89 1.759 -1.516 2.121 -1.879z"
                />
                <path
                  d="M19 18v.01"
                />
              </svg>
              <span
                class="m_515a97f8 mantine-VisuallyHidden-root"
              >
                Öppna karta
              </span>
            </span>
          </span>
        </button>
      </div>
    </div>
    <div
      data-portal="true"
    >
      <div>
        <div
          class="m_9df02822 mantine-Modal-root"
          data-full-screen="true"
          style="--modal-y-offset: 5dvh; --mb-z-index: 200;"
        />
      </div>
    </div>
    <div
      data-portal="true"
    />
    <div
      data-portal="true"
    />
  </body>,
  "container": <div>
    <style
      data-mantine-styles="classes"
    >
      @media (max-width: 35.99375em) {.mantine-visible-from-xs {display: none !important;}}@media (min-width: 36em) {.mantine-hidden-from-xs {display: none !important;}}@media (max-width: 47.99375em) {.mantine-visible-from-sm {display: none !important;}}@media (min-width: 48em) {.mantine-hidden-from-sm {display: none !important;}}@media (max-width: 61.99375em) {.mantine-visible-from-md {display: none !important;}}@media (min-width: 62em) {.mantine-hidden-from-md {display: none !important;}}@media (max-width: 74.99375em) {.mantine-visible-from-lg {display: none !important;}}@media (min-width: 75em) {.mantine-hidden-from-lg {display: none !important;}}@media (max-width: 87.99375em) {.mantine-visible-from-xl {display: none !important;}}@media (min-width: 88em) {.mantine-hidden-from-xl {display: none !important;}}
    </style>
    <div
      class="weather-header m_4081bf90 mantine-Group-root"
      style="--group-gap: 0rem; --group-align: center; --group-justify: space-between; --group-wrap: wrap;"
    >
      <button
        aria-controls=""
        aria-expanded="false"
        aria-haspopup="menu"
        class="mantine-focus-auto mantine-active m_77c9d27d mantine-Button-root m_87cf2631 mantine-UnstyledButton-root"
        data-variant="subtle"
        id=""
        style="--button-bg: transparent; --button-hover: var(--mantine-color-blue-light-hover); --button-color: var(--mantine-color-blue-light-color); --button-bd: calc(0.0625rem * var(--mantine-scale)) solid transparent; padding-inline: 0rem;"
        type="button"
      >
        <span
          class="m_80f1301b mantine-Button-inner"
        >
          <span
            class="m_811560b9 mantine-Button-label"
          >
            <svg
              fill="none"
              height="1em"
              stroke="currentColor"
              stroke-linecap="round"
              stroke-linejoin="round"
              stroke-width="2"
              viewBox="0 0 24 24"
              width="1em"
              xmlns="http://www.w3.org/2000/svg"
            >
              <path
                d="M4 6l16 0"
              />
              <path
                d="M4 12l16 0"
              />
              <path
                d="M4 18l16 0"
              />
            </svg>
            <span
              class="m_515a97f8 mantine-VisuallyHidden-root"
            >
              Meny
            </span>
          </span>
        </span>
      </button>
      <div
        class=""
        style="padding-inline: calc(0.25rem * var(--mantine-scale));"
      >
        <div
          class="m_4451eb3a mantine-Center-root"
        >
          <p
            class="mantine-focus-auto _outlineHeader_597f95 m_b6d8b162 mantine-Text-root"
            xs="10"
          >
            <span
              class="mantine-focus-auto _outlineHeader_597f95 m_b6d8b162 mantine-Text-root"
              style="padding-inline: calc(0.25rem * var(--mantine-scale)); max-width: calc(13.75rem * var(--mantine-scale));"
            >
              Väderstation:
            </span>
            <button
              aria-controls=""
              aria-expanded="false"
              aria-haspopup="dialog"
              class="mantine-focus-auto mantine-active m_77c9d27d mantine-Button-root m_87cf2631 mantine-UnstyledButton-root"
              data-size="lg"
              data-variant="subtle"
              data-with-right-section="true"
              id=""
              justify="space-between"
              style="--button-justify: space-between; --button-height: var(--button-height-lg); --button-padding-x: var(--button-padding-x-lg); --button-fz: var(--mantine-font-size-lg); --button-bg: transparent; --button-hover: var(--mantine-color-blue-light-hover); --button-color: var(--mantine-color-blue-light-color); --button-bd: calc(0.0625rem * var(--mantine-scale)) solid transparent; vertical-align: baseline; padding-inline: calc(0.25rem * var(--mantine-scale)); max-width: calc(41.5rem * var(--mantine-scale));"
              type="button"
            >
              <span
                class="m_80f1301b mantine-Button-inner"
              >
                <span
                  class="m_811560b9 mantine-Button-label"
                >
                  <span
                    class="mantine-focus-auto _outlineHeader_597f95 m_b6d8b162 mantine-Text-root"
                    data-line-clamp="true"
                    style="--text-line-clamp: 1; text-align: left; max-width: calc(41rem * var(--mantine-scale));"
                  >
                    Rotebro, Sollentuna, Sverige
                  </span>
                  <span
                    class="m_515a97f8 mantine-VisuallyHidden-root"
                  >
                    Historik
                  </span>
                </span>
                <span
                  class="m_a74036a mantine-Button-section"
                  data-position="right"
                >
                  <span />
                </span>
              </span>
            </button>
          </p>
        </div>
      </div>
      <button
        class="mantine-focus-auto mantine-active m_77c9d27d mantine-Button-root m_87cf2631 mantine-UnstyledButton-root"
        data-variant="subtle"
        style="--button-bg: transparent; --button-hover: var(--mantine-color-blue-light-hover); --button-color: var(--mantine-color-blue-light-color); --button-bd: calc(0.0625rem * var(--mantine-scale)) solid transparent; padding-inline: 0rem; color: crimson;"
        type="button"
      >
        <span
          class="m_80f1301b mantine-Button-inner"
        >
          <span
            class="m_811560b9 mantine-Button-label"
          >
            <svg
              fill="none"
              height="1em"
              stroke="currentColor"
              stroke-linecap="round"
              stroke-linejoin="round"
              stroke-width="2"
              viewBox="0 0 24 24"
              width="1em"
              xmlns="http://www.w3.org/2000/svg"
            >
              <path
                d="M12 18.5l-3 -1.5l-6 3v-13l6 -3l6 3l6 -3v7.5"
              />
              <path
                d="M9 4v13"
              />
              <path
                d="M15 7v5.5"
              />
              <path
                d="M21.121 20.121a3 3 0 1 0 -4.242 0c.418 .419 1.125 1.045 2.121 1.879c1.051 -.89 1.759 -1.516 2.121 -1.879z"
              />
              <path
                d="M19 18v.01"
              />
            </svg>
            <span
              class="m_515a97f8 mantine-VisuallyHidden-root"
            >
              Öppna karta
            </span>
          </span>
        </span>
      </button>
    </div>
  </div>,
  "debug": [Function],
  "findAllByAltText": [Function],
  "findAllByDisplayValue": [Function],
  "findAllByLabelText": [Function],
  "findAllByPlaceholderText": [Function],
  "findAllByRole": [Function],
  "findAllByTestId": [Function],
  "findAllByText": [Function],
  "findAllByTitle": [Function],
  "findByAltText": [Function],
  "findByDisplayValue": [Function],
  "findByLabelText": [Function],
  "findByPlaceholderText": [Function],
  "findByRole": [Function],
  "findByTestId": [Function],
  "findByText": [Function],
  "findByTitle": [Function],
  "getAllByAltText": [Function],
  "getAllByDisplayValue": [Function],
  "getAllByLabelText": [Function],
  "getAllByPlaceholderText": [Function],
  "getAllByRole": [Function],
  "getAllByTestId": [Function],
  "getAllByText": [Function],
  "getAllByTitle": [Function],
  "getByAltText": [Function],
  "getByDisplayValue": [Function],
  "getByLabelText": [Function],
  "getByPlaceholderText": [Function],
  "getByRole": [Function],
  "getByTestId": [Function],
  "getByText": [Function],
  "getByTitle": [Function],
  "queryAllByAltText": [Function],
  "queryAllByDisplayValue": [Function],
  "queryAllByLabelText": [Function],
  "queryAllByPlaceholderText": [Function],
  "queryAllByRole": [Function],
  "queryAllByTestId": [Function],
  "queryAllByText": [Function],
  "queryAllByTitle": [Function],
  "queryByAltText": [Function],
  "queryByDisplayValue": [Function],
  "queryByLabelText": [Function],
  "queryByPlaceholderText": [Function],
  "queryByRole": [Function],
  "queryByTestId": [Function],
  "queryByText": [Function],
  "queryByTitle": [Function],
  "rerender": [Function],
  "unmount": [Function],
}
`;
