// Vitest Snapshot v1, https://vitest.dev/guide/snapshot.html

exports[`test RightSide > renders right side info with current wind gust 1`] = `
{
  "asFragment": [Function],
  "baseElement": <body>
    <div>
      <style
        data-mantine-styles="classes"
      >
        @media (max-width: 35.99375em) {.mantine-visible-from-xs {display: none !important;}}@media (min-width: 36em) {.mantine-hidden-from-xs {display: none !important;}}@media (max-width: 47.99375em) {.mantine-visible-from-sm {display: none !important;}}@media (min-width: 48em) {.mantine-hidden-from-sm {display: none !important;}}@media (max-width: 61.99375em) {.mantine-visible-from-md {display: none !important;}}@media (min-width: 62em) {.mantine-hidden-from-md {display: none !important;}}@media (max-width: 74.99375em) {.mantine-visible-from-lg {display: none !important;}}@media (min-width: 75em) {.mantine-hidden-from-lg {display: none !important;}}@media (max-width: 87.99375em) {.mantine-visible-from-xl {display: none !important;}}@media (min-width: 88em) {.mantine-hidden-from-xl {display: none !important;}}
      </style>
      <div
        class="right-side--stack m_6d731127 mantine-Stack-root"
        style="--stack-gap: var(--mantine-spacing-md); --stack-align: stretch; --stack-justify: space-between; min-height: 100%;"
      >
        <div
          class="m_6d731127 mantine-Stack-root"
          style="--stack-gap: calc(0.25rem * var(--mantine-scale)); --stack-align: stretch; --stack-justify: flex-start;"
        >
          <div
            class="m_4081bf90 mantine-Group-root"
            style="--group-gap: var(--mantine-spacing-md); --group-align: center; --group-justify: flex-end; --group-wrap: wrap;"
          >
            <p
              class="mantine-focus-auto _outlineSingle_597f95 m_b6d8b162 mantine-Text-root"
            >
              Molntäcke
            </p>
          </div>
          <div
            class="m_3eebeb36 mantine-Divider-root"
            data-orientation="horizontal"
            role="separator"
          />
          <div
            class="m_4081bf90 mantine-Group-root"
            style="--group-gap: var(--mantine-spacing-md); --group-align: center; --group-justify: flex-end; --group-wrap: wrap;"
          >
            <p
              class="mantine-focus-auto _outlineSingle_597f95 m_b6d8b162 mantine-Text-root"
            >
              44
              %
            </p>
          </div>
        </div>
        <div
          class="m_6d731127 mantine-Stack-root"
          style="--stack-gap: calc(0.25rem * var(--mantine-scale)); --stack-align: stretch; --stack-justify: flex-start;"
        >
          <div
            class="m_4081bf90 mantine-Group-root"
            style="--group-gap: var(--mantine-spacing-md); --group-align: center; --group-justify: flex-end; --group-wrap: wrap;"
          >
            <p
              class="mantine-focus-auto _outlineSingle_597f95 m_b6d8b162 mantine-Text-root"
            >
              Känns som
            </p>
          </div>
          <div
            class="m_3eebeb36 mantine-Divider-root"
            data-orientation="horizontal"
            role="separator"
          />
          <div
            class="m_4081bf90 mantine-Group-root"
            style="--group-gap: var(--mantine-spacing-md); --group-align: center; --group-justify: flex-end; --group-wrap: wrap;"
          >
            <p
              class="mantine-focus-auto _outlineSingle_597f95 m_b6d8b162 mantine-Text-root"
            >
              21.0
              °C
            </p>
          </div>
        </div>
        <div
          class="m_6d731127 mantine-Stack-root"
          style="--stack-gap: calc(0.25rem * var(--mantine-scale)); --stack-align: stretch; --stack-justify: flex-start;"
        >
          <div
            class="m_4081bf90 mantine-Group-root"
            style="--group-gap: var(--mantine-spacing-md); --group-align: center; --group-justify: flex-end; --group-wrap: wrap;"
          >
            <p
              class="mantine-focus-auto _outlineSingle_597f95 m_b6d8b162 mantine-Text-root"
            >
              Vindbyar
            </p>
          </div>
          <div
            class="m_3eebeb36 mantine-Divider-root"
            data-orientation="horizontal"
            role="separator"
          />
          <div
            class="m_4081bf90 mantine-Group-root"
            style="--group-gap: var(--mantine-spacing-md); --group-align: center; --group-justify: flex-end; --group-wrap: wrap;"
          >
            <p
              class="mantine-focus-auto _outlineSingle_597f95 m_b6d8b162 mantine-Text-root"
            >
              2.8
               m/s
            </p>
          </div>
        </div>
      </div>
    </div>
  </body>,
  "container": <div>
    <style
      data-mantine-styles="classes"
    >
      @media (max-width: 35.99375em) {.mantine-visible-from-xs {display: none !important;}}@media (min-width: 36em) {.mantine-hidden-from-xs {display: none !important;}}@media (max-width: 47.99375em) {.mantine-visible-from-sm {display: none !important;}}@media (min-width: 48em) {.mantine-hidden-from-sm {display: none !important;}}@media (max-width: 61.99375em) {.mantine-visible-from-md {display: none !important;}}@media (min-width: 62em) {.mantine-hidden-from-md {display: none !important;}}@media (max-width: 74.99375em) {.mantine-visible-from-lg {display: none !important;}}@media (min-width: 75em) {.mantine-hidden-from-lg {display: none !important;}}@media (max-width: 87.99375em) {.mantine-visible-from-xl {display: none !important;}}@media (min-width: 88em) {.mantine-hidden-from-xl {display: none !important;}}
    </style>
    <div
      class="right-side--stack m_6d731127 mantine-Stack-root"
      style="--stack-gap: var(--mantine-spacing-md); --stack-align: stretch; --stack-justify: space-between; min-height: 100%;"
    >
      <div
        class="m_6d731127 mantine-Stack-root"
        style="--stack-gap: calc(0.25rem * var(--mantine-scale)); --stack-align: stretch; --stack-justify: flex-start;"
      >
        <div
          class="m_4081bf90 mantine-Group-root"
          style="--group-gap: var(--mantine-spacing-md); --group-align: center; --group-justify: flex-end; --group-wrap: wrap;"
        >
          <p
            class="mantine-focus-auto _outlineSingle_597f95 m_b6d8b162 mantine-Text-root"
          >
            Molntäcke
          </p>
        </div>
        <div
          class="m_3eebeb36 mantine-Divider-root"
          data-orientation="horizontal"
          role="separator"
        />
        <div
          class="m_4081bf90 mantine-Group-root"
          style="--group-gap: var(--mantine-spacing-md); --group-align: center; --group-justify: flex-end; --group-wrap: wrap;"
        >
          <p
            class="mantine-focus-auto _outlineSingle_597f95 m_b6d8b162 mantine-Text-root"
          >
            44
            %
          </p>
        </div>
      </div>
      <div
        class="m_6d731127 mantine-Stack-root"
        style="--stack-gap: calc(0.25rem * var(--mantine-scale)); --stack-align: stretch; --stack-justify: flex-start;"
      >
        <div
          class="m_4081bf90 mantine-Group-root"
          style="--group-gap: var(--mantine-spacing-md); --group-align: center; --group-justify: flex-end; --group-wrap: wrap;"
        >
          <p
            class="mantine-focus-auto _outlineSingle_597f95 m_b6d8b162 mantine-Text-root"
          >
            Känns som
          </p>
        </div>
        <div
          class="m_3eebeb36 mantine-Divider-root"
          data-orientation="horizontal"
          role="separator"
        />
        <div
          class="m_4081bf90 mantine-Group-root"
          style="--group-gap: var(--mantine-spacing-md); --group-align: center; --group-justify: flex-end; --group-wrap: wrap;"
        >
          <p
            class="mantine-focus-auto _outlineSingle_597f95 m_b6d8b162 mantine-Text-root"
          >
            21.0
            °C
          </p>
        </div>
      </div>
      <div
        class="m_6d731127 mantine-Stack-root"
        style="--stack-gap: calc(0.25rem * var(--mantine-scale)); --stack-align: stretch; --stack-justify: flex-start;"
      >
        <div
          class="m_4081bf90 mantine-Group-root"
          style="--group-gap: var(--mantine-spacing-md); --group-align: center; --group-justify: flex-end; --group-wrap: wrap;"
        >
          <p
            class="mantine-focus-auto _outlineSingle_597f95 m_b6d8b162 mantine-Text-root"
          >
            Vindbyar
          </p>
        </div>
        <div
          class="m_3eebeb36 mantine-Divider-root"
          data-orientation="horizontal"
          role="separator"
        />
        <div
          class="m_4081bf90 mantine-Group-root"
          style="--group-gap: var(--mantine-spacing-md); --group-align: center; --group-justify: flex-end; --group-wrap: wrap;"
        >
          <p
            class="mantine-focus-auto _outlineSingle_597f95 m_b6d8b162 mantine-Text-root"
          >
            2.8
             m/s
          </p>
        </div>
      </div>
    </div>
  </div>,
  "debug": [Function],
  "findAllByAltText": [Function],
  "findAllByDisplayValue": [Function],
  "findAllByLabelText": [Function],
  "findAllByPlaceholderText": [Function],
  "findAllByRole": [Function],
  "findAllByTestId": [Function],
  "findAllByText": [Function],
  "findAllByTitle": [Function],
  "findByAltText": [Function],
  "findByDisplayValue": [Function],
  "findByLabelText": [Function],
  "findByPlaceholderText": [Function],
  "findByRole": [Function],
  "findByTestId": [Function],
  "findByText": [Function],
  "findByTitle": [Function],
  "getAllByAltText": [Function],
  "getAllByDisplayValue": [Function],
  "getAllByLabelText": [Function],
  "getAllByPlaceholderText": [Function],
  "getAllByRole": [Function],
  "getAllByTestId": [Function],
  "getAllByText": [Function],
  "getAllByTitle": [Function],
  "getByAltText": [Function],
  "getByDisplayValue": [Function],
  "getByLabelText": [Function],
  "getByPlaceholderText": [Function],
  "getByRole": [Function],
  "getByTestId": [Function],
  "getByText": [Function],
  "getByTitle": [Function],
  "queryAllByAltText": [Function],
  "queryAllByDisplayValue": [Function],
  "queryAllByLabelText": [Function],
  "queryAllByPlaceholderText": [Function],
  "queryAllByRole": [Function],
  "queryAllByTestId": [Function],
  "queryAllByText": [Function],
  "queryAllByTitle": [Function],
  "queryByAltText": [Function],
  "queryByDisplayValue": [Function],
  "queryByLabelText": [Function],
  "queryByPlaceholderText": [Function],
  "queryByRole": [Function],
  "queryByTestId": [Function],
  "queryByText": [Function],
  "queryByTitle": [Function],
  "rerender": [Function],
  "unmount": [Function],
}
`;
